Analysis & Synthesis report for CEG3155-Lab-3
Wed Nov 06 10:10:27 2024
Quartus II 64-Bit Version 13.0.1 Build 232 06/12/2013 Service Pack 1 SJ Web Edition


---------------------
; Table of Contents ;
---------------------
  1. Legal Notice
  2. Analysis & Synthesis Summary
  3. Analysis & Synthesis Settings
  4. Parallel Compilation
  5. Analysis & Synthesis Source Files Read
  6. Analysis & Synthesis Resource Usage Summary
  7. Analysis & Synthesis Resource Utilization by Entity
  8. Registers Removed During Synthesis
  9. General Register Statistics
 10. Parameter Settings for User Entity Instance: fsmController:fsmController1|nbitmux41:mstl_mux
 11. Parameter Settings for User Entity Instance: fsmController:fsmController1|nbitmux41:sstl_mux
 12. Parameter Settings for User Entity Instance: nBitTimer:mstTimer
 13. Parameter Settings for User Entity Instance: nBitTimer:mstTimer|nBitIncrementer:incrementer
 14. Parameter Settings for User Entity Instance: nBitTimer:mstTimer|nBitIncrementer:incrementer|nBitAdderSubtractor:adder
 15. Parameter Settings for User Entity Instance: nBitTimer:mstTimer|nBitIncrementer:incrementer|nBitRegister:reg
 16. Parameter Settings for User Entity Instance: nBitTimer:mstTimer|nbitcomparator:comparator
 17. Parameter Settings for User Entity Instance: nBitTimer:sstTimer
 18. Parameter Settings for User Entity Instance: nBitTimer:sstTimer|nBitIncrementer:incrementer
 19. Parameter Settings for User Entity Instance: nBitTimer:sstTimer|nBitIncrementer:incrementer|nBitAdderSubtractor:adder
 20. Parameter Settings for User Entity Instance: nBitTimer:sstTimer|nBitIncrementer:incrementer|nBitRegister:reg
 21. Parameter Settings for User Entity Instance: nBitTimer:sstTimer|nbitcomparator:comparator
 22. Parameter Settings for User Entity Instance: nBitTimer:mscTimer
 23. Parameter Settings for User Entity Instance: nBitTimer:mscTimer|nBitIncrementer:incrementer
 24. Parameter Settings for User Entity Instance: nBitTimer:mscTimer|nBitIncrementer:incrementer|nBitAdderSubtractor:adder
 25. Parameter Settings for User Entity Instance: nBitTimer:mscTimer|nBitIncrementer:incrementer|nBitRegister:reg
 26. Parameter Settings for User Entity Instance: nBitTimer:mscTimer|nbitcomparator:comparator
 27. Parameter Settings for User Entity Instance: nBitTimer:sscTimer
 28. Parameter Settings for User Entity Instance: nBitTimer:sscTimer|nBitIncrementer:incrementer
 29. Parameter Settings for User Entity Instance: nBitTimer:sscTimer|nBitIncrementer:incrementer|nBitAdderSubtractor:adder
 30. Parameter Settings for User Entity Instance: nBitTimer:sscTimer|nBitIncrementer:incrementer|nBitRegister:reg
 31. Parameter Settings for User Entity Instance: nBitTimer:sscTimer|nbitcomparator:comparator
 32. Port Connectivity Checks: "debouncer_2:sscsDebouncer|enARdFF_2:second"
 33. Port Connectivity Checks: "debouncer_2:sscsDebouncer|enARdFF_2:first"
 34. Port Connectivity Checks: "clk_div:clk_div1"
 35. Port Connectivity Checks: "nBitTimer:sstTimer"
 36. Port Connectivity Checks: "nBitTimer:mstTimer|nbitcomparator:comparator|oneBitComparator:comparatorMSB"
 37. Port Connectivity Checks: "nBitTimer:mstTimer|nbitcomparator:comparator"
 38. Port Connectivity Checks: "nBitTimer:mstTimer|nBitIncrementer:incrementer|nBitRegister:reg|enARdFF_2:\reg_n_bits:3:b"
 39. Port Connectivity Checks: "nBitTimer:mstTimer|nBitIncrementer:incrementer|nBitRegister:reg|enARdFF_2:\reg_n_bits:2:b"
 40. Port Connectivity Checks: "nBitTimer:mstTimer|nBitIncrementer:incrementer|nBitRegister:reg|enARdFF_2:\reg_n_bits:1:b"
 41. Port Connectivity Checks: "nBitTimer:mstTimer|nBitIncrementer:incrementer|nBitRegister:reg|enARdFF_2:\reg_n_bits:0:b"
 42. Port Connectivity Checks: "nBitTimer:mstTimer|nBitIncrementer:incrementer|nBitAdderSubtractor:adder"
 43. Port Connectivity Checks: "nBitTimer:mstTimer"
 44. Port Connectivity Checks: "fsmController:fsmController1|nbitmux41:sstl_mux"
 45. Port Connectivity Checks: "fsmController:fsmController1|nbitmux41:mstl_mux"
 46. Port Connectivity Checks: "fsmController:fsmController1|enARdFF_2:reset_latch"
 47. Port Connectivity Checks: "fsmController:fsmController1|enARdFF_2:enardFF_y1"
 48. Port Connectivity Checks: "fsmController:fsmController1|enARdFF_2:enardFF_y0"
 49. Elapsed Time Per Partition
 50. Analysis & Synthesis Messages



----------------
; Legal Notice ;
----------------
Copyright (C) 1991-2013 Altera Corporation
Your use of Altera Corporation's design tools, logic functions 
and other software and tools, and its AMPP partner logic 
functions, and any output files from any of the foregoing 
(including device programming or simulation files), and any 
associated documentation or information are expressly subject 
to the terms and conditions of the Altera Program License 
Subscription Agreement, Altera MegaCore Function License 
Agreement, or other applicable license agreement, including, 
without limitation, that your use is for the sole purpose of 
programming logic devices manufactured by Altera and sold by 
Altera or its authorized distributors.  Please refer to the 
applicable agreement for further details.



+--------------------------------------------------------------------------------------+
; Analysis & Synthesis Summary                                                         ;
+------------------------------------+-------------------------------------------------+
; Analysis & Synthesis Status        ; Successful - Wed Nov 06 10:10:27 2024           ;
; Quartus II 64-Bit Version          ; 13.0.1 Build 232 06/12/2013 SP 1 SJ Web Edition ;
; Revision Name                      ; CEG3155-Lab-3                                   ;
; Top-level Entity Name              ; fsmTopLevel                                     ;
; Family                             ; Cyclone IV E                                    ;
; Total logic elements               ; 47                                              ;
;     Total combinational functions  ; 47                                              ;
;     Dedicated logic registers      ; 17                                              ;
; Total registers                    ; 17                                              ;
; Total pins                         ; 31                                              ;
; Total virtual pins                 ; 0                                               ;
; Total memory bits                  ; 0                                               ;
; Embedded Multiplier 9-bit elements ; 0                                               ;
; Total PLLs                         ; 0                                               ;
+------------------------------------+-------------------------------------------------+


+----------------------------------------------------------------------------------------------------------------------+
; Analysis & Synthesis Settings                                                                                        ;
+----------------------------------------------------------------------------+--------------------+--------------------+
; Option                                                                     ; Setting            ; Default Value      ;
+----------------------------------------------------------------------------+--------------------+--------------------+
; Device                                                                     ; EP4CE115F29C7      ;                    ;
; Top-level entity name                                                      ; fsmTopLevel        ; CEG3155-Lab-3      ;
; Family name                                                                ; Cyclone IV E       ; Cyclone IV GX      ;
; Use smart compilation                                                      ; Off                ; Off                ;
; Enable parallel Assembler and TimeQuest Timing Analyzer during compilation ; On                 ; On                 ;
; Enable compact report table                                                ; Off                ; Off                ;
; Restructure Multiplexers                                                   ; Auto               ; Auto               ;
; Create Debugging Nodes for IP Cores                                        ; Off                ; Off                ;
; Preserve fewer node names                                                  ; On                 ; On                 ;
; Disable OpenCore Plus hardware evaluation                                  ; Off                ; Off                ;
; Verilog Version                                                            ; Verilog_2001       ; Verilog_2001       ;
; VHDL Version                                                               ; VHDL_1993          ; VHDL_1993          ;
; State Machine Processing                                                   ; Auto               ; Auto               ;
; Safe State Machine                                                         ; Off                ; Off                ;
; Extract Verilog State Machines                                             ; On                 ; On                 ;
; Extract VHDL State Machines                                                ; On                 ; On                 ;
; Ignore Verilog initial constructs                                          ; Off                ; Off                ;
; Iteration limit for constant Verilog loops                                 ; 5000               ; 5000               ;
; Iteration limit for non-constant Verilog loops                             ; 250                ; 250                ;
; Add Pass-Through Logic to Inferred RAMs                                    ; On                 ; On                 ;
; Infer RAMs from Raw Logic                                                  ; On                 ; On                 ;
; Parallel Synthesis                                                         ; On                 ; On                 ;
; DSP Block Balancing                                                        ; Auto               ; Auto               ;
; NOT Gate Push-Back                                                         ; On                 ; On                 ;
; Power-Up Don't Care                                                        ; On                 ; On                 ;
; Remove Redundant Logic Cells                                               ; Off                ; Off                ;
; Remove Duplicate Registers                                                 ; On                 ; On                 ;
; Ignore CARRY Buffers                                                       ; Off                ; Off                ;
; Ignore CASCADE Buffers                                                     ; Off                ; Off                ;
; Ignore GLOBAL Buffers                                                      ; Off                ; Off                ;
; Ignore ROW GLOBAL Buffers                                                  ; Off                ; Off                ;
; Ignore LCELL Buffers                                                       ; Off                ; Off                ;
; Ignore SOFT Buffers                                                        ; On                 ; On                 ;
; Limit AHDL Integers to 32 Bits                                             ; Off                ; Off                ;
; Optimization Technique                                                     ; Balanced           ; Balanced           ;
; Carry Chain Length                                                         ; 70                 ; 70                 ;
; Auto Carry Chains                                                          ; On                 ; On                 ;
; Auto Open-Drain Pins                                                       ; On                 ; On                 ;
; Perform WYSIWYG Primitive Resynthesis                                      ; Off                ; Off                ;
; Auto ROM Replacement                                                       ; On                 ; On                 ;
; Auto RAM Replacement                                                       ; On                 ; On                 ;
; Auto DSP Block Replacement                                                 ; On                 ; On                 ;
; Auto Shift Register Replacement                                            ; Auto               ; Auto               ;
; Allow Shift Register Merging across Hierarchies                            ; Auto               ; Auto               ;
; Auto Clock Enable Replacement                                              ; On                 ; On                 ;
; Strict RAM Replacement                                                     ; Off                ; Off                ;
; Allow Synchronous Control Signals                                          ; On                 ; On                 ;
; Force Use of Synchronous Clear Signals                                     ; Off                ; Off                ;
; Auto RAM Block Balancing                                                   ; On                 ; On                 ;
; Auto RAM to Logic Cell Conversion                                          ; Off                ; Off                ;
; Auto Resource Sharing                                                      ; Off                ; Off                ;
; Allow Any RAM Size For Recognition                                         ; Off                ; Off                ;
; Allow Any ROM Size For Recognition                                         ; Off                ; Off                ;
; Allow Any Shift Register Size For Recognition                              ; Off                ; Off                ;
; Use LogicLock Constraints during Resource Balancing                        ; On                 ; On                 ;
; Ignore translate_off and synthesis_off directives                          ; Off                ; Off                ;
; Timing-Driven Synthesis                                                    ; On                 ; On                 ;
; Report Parameter Settings                                                  ; On                 ; On                 ;
; Report Source Assignments                                                  ; On                 ; On                 ;
; Report Connectivity Checks                                                 ; On                 ; On                 ;
; Ignore Maximum Fan-Out Assignments                                         ; Off                ; Off                ;
; Synchronization Register Chain Length                                      ; 2                  ; 2                  ;
; PowerPlay Power Optimization                                               ; Normal compilation ; Normal compilation ;
; HDL message level                                                          ; Level2             ; Level2             ;
; Suppress Register Optimization Related Messages                            ; Off                ; Off                ;
; Number of Removed Registers Reported in Synthesis Report                   ; 5000               ; 5000               ;
; Number of Swept Nodes Reported in Synthesis Report                         ; 5000               ; 5000               ;
; Number of Inverted Registers Reported in Synthesis Report                  ; 100                ; 100                ;
; Clock MUX Protection                                                       ; On                 ; On                 ;
; Auto Gated Clock Conversion                                                ; Off                ; Off                ;
; Block Design Naming                                                        ; Auto               ; Auto               ;
; SDC constraint protection                                                  ; Off                ; Off                ;
; Synthesis Effort                                                           ; Auto               ; Auto               ;
; Shift Register Replacement - Allow Asynchronous Clear Signal               ; On                 ; On                 ;
; Pre-Mapping Resynthesis Optimization                                       ; Off                ; Off                ;
; Analysis & Synthesis Message Level                                         ; Medium             ; Medium             ;
; Disable Register Merging Across Hierarchies                                ; Auto               ; Auto               ;
; Resource Aware Inference For Block RAM                                     ; On                 ; On                 ;
; Synthesis Seed                                                             ; 1                  ; 1                  ;
+----------------------------------------------------------------------------+--------------------+--------------------+


Parallel compilation was disabled, but you have multiple processors available. Enable parallel compilation to reduce compilation time.
+-------------------------------------+
; Parallel Compilation                ;
+----------------------------+--------+
; Processors                 ; Number ;
+----------------------------+--------+
; Number detected on machine ; 16     ;
; Maximum allowed            ; 1      ;
+----------------------------+--------+


+-------------------------------------------------------------------------------------------------------------------------------------------------+
; Analysis & Synthesis Source Files Read                                                                                                          ;
+----------------------------------+-----------------+-----------------+----------------------------------------------------------------+---------+
; File Name with User-Entered Path ; Used in Netlist ; File Type       ; File Name with Absolute Path                                   ; Library ;
+----------------------------------+-----------------+-----------------+----------------------------------------------------------------+---------+
; fsmTopLevel.vhd                  ; yes             ; User VHDL File  ; C:/Users/arnav/Desktop/CEG3155-Lab-3/fsmTopLevel.vhd           ;         ;
; fsmController.vhd                ; yes             ; User VHDL File  ; C:/Users/arnav/Desktop/CEG3155-Lab-3/fsmController.vhd         ;         ;
; nBitTimer.vhd                    ; yes             ; User VHDL File  ; C:/Users/arnav/Desktop/CEG3155-Lab-3/nBitTimer.vhd             ;         ;
; nbitcomparator.vhd               ; yes             ; User VHDL File  ; C:/Users/arnav/Desktop/CEG3155-Lab-3/nbitcomparator.vhd        ;         ;
; oneBitComparator.vhd             ; yes             ; User VHDL File  ; C:/Users/arnav/Desktop/CEG3155-Lab-3/oneBitComparator.vhd      ;         ;
; debouncer_2.vhd                  ; yes             ; User VHDL File  ; C:/Users/arnav/Desktop/CEG3155-Lab-3/debouncer_2.vhd           ;         ;
; clk_div.vhd                      ; yes             ; User VHDL File  ; C:/Users/arnav/Desktop/CEG3155-Lab-3/clk_div.vhd               ;         ;
; oneBitAdderSubtractor.vhd        ; yes             ; User VHDL File  ; C:/Users/arnav/Desktop/CEG3155-Lab-3/oneBitAdderSubtractor.vhd ;         ;
; nBitAdderSubtractor.vhd          ; yes             ; User VHDL File  ; C:/Users/arnav/Desktop/CEG3155-Lab-3/nBitAdderSubtractor.vhd   ;         ;
; nbitregister.vhd                 ; yes             ; User VHDL File  ; C:/Users/arnav/Desktop/CEG3155-Lab-3/nbitregister.vhd          ;         ;
; nbitmux41.vhd                    ; yes             ; User VHDL File  ; C:/Users/arnav/Desktop/CEG3155-Lab-3/nbitmux41.vhd             ;         ;
; nBitIncrementer.vhd              ; yes             ; User VHDL File  ; C:/Users/arnav/Desktop/CEG3155-Lab-3/nBitIncrementer.vhd       ;         ;
; mux41.vhd                        ; yes             ; User VHDL File  ; C:/Users/arnav/Desktop/CEG3155-Lab-3/mux41.vhd                 ;         ;
; mux21.vhd                        ; yes             ; User VHDL File  ; C:/Users/arnav/Desktop/CEG3155-Lab-3/mux21.vhd                 ;         ;
; enardFF_2.vhd                    ; yes             ; User VHDL File  ; C:/Users/arnav/Desktop/CEG3155-Lab-3/enardFF_2.vhd             ;         ;
; bcd_7seg.vhd                     ; yes             ; User VHDL File  ; C:/Users/arnav/Desktop/CEG3155-Lab-3/bcd_7seg.vhd              ;         ;
+----------------------------------+-----------------+-----------------+----------------------------------------------------------------+---------+


+----------------------------------------------------------+
; Analysis & Synthesis Resource Usage Summary              ;
+---------------------------------------------+------------+
; Resource                                    ; Usage      ;
+---------------------------------------------+------------+
; Estimated Total logic elements              ; 47         ;
;                                             ;            ;
; Total combinational functions               ; 47         ;
; Logic element usage by number of LUT inputs ;            ;
;     -- 4 input functions                    ; 29         ;
;     -- 3 input functions                    ; 8          ;
;     -- <=2 input functions                  ; 10         ;
;                                             ;            ;
; Logic elements by mode                      ;            ;
;     -- normal mode                          ; 47         ;
;     -- arithmetic mode                      ; 0          ;
;                                             ;            ;
; Total registers                             ; 17         ;
;     -- Dedicated logic registers            ; 17         ;
;     -- I/O registers                        ; 0          ;
;                                             ;            ;
; I/O pins                                    ; 31         ;
; Embedded Multiplier 9-bit elements          ; 0          ;
; Maximum fan-out node                        ; gclk~input ;
; Maximum fan-out                             ; 17         ;
; Total fan-out                               ; 262        ;
; Average fan-out                             ; 2.08       ;
+---------------------------------------------+------------+


+-----------------------------------------------------------------------------------------------------------------------------------------------------------------------------------------------------------------------------------------------------------------------------+
; Analysis & Synthesis Resource Utilization by Entity                                                                                                                                                                                                                         ;
+-----------------------------------------+-------------------+--------------+-------------+--------------+---------+-----------+------+--------------+--------------------------------------------------------------------------------------------------------+--------------+
; Compilation Hierarchy Node              ; LC Combinationals ; LC Registers ; Memory Bits ; DSP Elements ; DSP 9x9 ; DSP 18x18 ; Pins ; Virtual Pins ; Full Hierarchy Name                                                                                    ; Library Name ;
+-----------------------------------------+-------------------+--------------+-------------+--------------+---------+-----------+------+--------------+--------------------------------------------------------------------------------------------------------+--------------+
; |fsmTopLevel                            ; 47 (1)            ; 17 (0)       ; 0           ; 0            ; 0       ; 0         ; 31   ; 0            ; |fsmTopLevel                                                                                           ; work         ;
;    |debouncer_2:sscsDebouncer|          ; 2 (2)             ; 2 (0)        ; 0           ; 0            ; 0       ; 0         ; 0    ; 0            ; |fsmTopLevel|debouncer_2:sscsDebouncer                                                                 ; work         ;
;       |enARdFF_2:first|                 ; 0 (0)             ; 1 (1)        ; 0           ; 0            ; 0       ; 0         ; 0    ; 0            ; |fsmTopLevel|debouncer_2:sscsDebouncer|enARdFF_2:first                                                 ; work         ;
;       |enARdFF_2:second|                ; 0 (0)             ; 1 (1)        ; 0           ; 0            ; 0       ; 0         ; 0    ; 0            ; |fsmTopLevel|debouncer_2:sscsDebouncer|enARdFF_2:second                                                ; work         ;
;    |dec_7seg:mscBcd|                    ; 7 (7)             ; 0 (0)        ; 0           ; 0            ; 0       ; 0         ; 0    ; 0            ; |fsmTopLevel|dec_7seg:mscBcd                                                                           ; work         ;
;    |dec_7seg:sscBcd|                    ; 7 (7)             ; 0 (0)        ; 0           ; 0            ; 0       ; 0         ; 0    ; 0            ; |fsmTopLevel|dec_7seg:sscBcd                                                                           ; work         ;
;    |fsmController:fsmController1|       ; 12 (10)           ; 3 (0)        ; 0           ; 0            ; 0       ; 0         ; 0    ; 0            ; |fsmTopLevel|fsmController:fsmController1                                                              ; work         ;
;       |enARdFF_2:enardFF_y0|            ; 2 (2)             ; 1 (1)        ; 0           ; 0            ; 0       ; 0         ; 0    ; 0            ; |fsmTopLevel|fsmController:fsmController1|enARdFF_2:enardFF_y0                                         ; work         ;
;       |enARdFF_2:enardFF_y1|            ; 0 (0)             ; 1 (1)        ; 0           ; 0            ; 0       ; 0         ; 0    ; 0            ; |fsmTopLevel|fsmController:fsmController1|enARdFF_2:enardFF_y1                                         ; work         ;
;       |enARdFF_2:reset_latch|           ; 0 (0)             ; 1 (1)        ; 0           ; 0            ; 0       ; 0         ; 0    ; 0            ; |fsmTopLevel|fsmController:fsmController1|enARdFF_2:reset_latch                                        ; work         ;
;    |nBitTimer:mscTimer|                 ; 7 (0)             ; 4 (0)        ; 0           ; 0            ; 0       ; 0         ; 0    ; 0            ; |fsmTopLevel|nBitTimer:mscTimer                                                                        ; work         ;
;       |nBitIncrementer:incrementer|     ; 5 (0)             ; 4 (0)        ; 0           ; 0            ; 0       ; 0         ; 0    ; 0            ; |fsmTopLevel|nBitTimer:mscTimer|nBitIncrementer:incrementer                                            ; work         ;
;          |nBitRegister:reg|             ; 5 (0)             ; 4 (0)        ; 0           ; 0            ; 0       ; 0         ; 0    ; 0            ; |fsmTopLevel|nBitTimer:mscTimer|nBitIncrementer:incrementer|nBitRegister:reg                           ; work         ;
;             |enARdFF_2:\reg_n_bits:0:b| ; 1 (1)             ; 1 (1)        ; 0           ; 0            ; 0       ; 0         ; 0    ; 0            ; |fsmTopLevel|nBitTimer:mscTimer|nBitIncrementer:incrementer|nBitRegister:reg|enARdFF_2:\reg_n_bits:0:b ; work         ;
;             |enARdFF_2:\reg_n_bits:1:b| ; 1 (1)             ; 1 (1)        ; 0           ; 0            ; 0       ; 0         ; 0    ; 0            ; |fsmTopLevel|nBitTimer:mscTimer|nBitIncrementer:incrementer|nBitRegister:reg|enARdFF_2:\reg_n_bits:1:b ; work         ;
;             |enARdFF_2:\reg_n_bits:2:b| ; 2 (2)             ; 1 (1)        ; 0           ; 0            ; 0       ; 0         ; 0    ; 0            ; |fsmTopLevel|nBitTimer:mscTimer|nBitIncrementer:incrementer|nBitRegister:reg|enARdFF_2:\reg_n_bits:2:b ; work         ;
;             |enARdFF_2:\reg_n_bits:3:b| ; 1 (1)             ; 1 (1)        ; 0           ; 0            ; 0       ; 0         ; 0    ; 0            ; |fsmTopLevel|nBitTimer:mscTimer|nBitIncrementer:incrementer|nBitRegister:reg|enARdFF_2:\reg_n_bits:3:b ; work         ;
;       |nbitcomparator:comparator|       ; 2 (2)             ; 0 (0)        ; 0           ; 0            ; 0       ; 0         ; 0    ; 0            ; |fsmTopLevel|nBitTimer:mscTimer|nbitcomparator:comparator                                              ; work         ;
;    |nBitTimer:mstTimer|                 ; 4 (0)             ; 4 (0)        ; 0           ; 0            ; 0       ; 0         ; 0    ; 0            ; |fsmTopLevel|nBitTimer:mstTimer                                                                        ; work         ;
;       |nBitIncrementer:incrementer|     ; 4 (0)             ; 4 (0)        ; 0           ; 0            ; 0       ; 0         ; 0    ; 0            ; |fsmTopLevel|nBitTimer:mstTimer|nBitIncrementer:incrementer                                            ; work         ;
;          |nBitRegister:reg|             ; 4 (0)             ; 4 (0)        ; 0           ; 0            ; 0       ; 0         ; 0    ; 0            ; |fsmTopLevel|nBitTimer:mstTimer|nBitIncrementer:incrementer|nBitRegister:reg                           ; work         ;
;             |enARdFF_2:\reg_n_bits:0:b| ; 1 (1)             ; 1 (1)        ; 0           ; 0            ; 0       ; 0         ; 0    ; 0            ; |fsmTopLevel|nBitTimer:mstTimer|nBitIncrementer:incrementer|nBitRegister:reg|enARdFF_2:\reg_n_bits:0:b ; work         ;
;             |enARdFF_2:\reg_n_bits:1:b| ; 1 (1)             ; 1 (1)        ; 0           ; 0            ; 0       ; 0         ; 0    ; 0            ; |fsmTopLevel|nBitTimer:mstTimer|nBitIncrementer:incrementer|nBitRegister:reg|enARdFF_2:\reg_n_bits:1:b ; work         ;
;             |enARdFF_2:\reg_n_bits:2:b| ; 1 (1)             ; 1 (1)        ; 0           ; 0            ; 0       ; 0         ; 0    ; 0            ; |fsmTopLevel|nBitTimer:mstTimer|nBitIncrementer:incrementer|nBitRegister:reg|enARdFF_2:\reg_n_bits:2:b ; work         ;
;             |enARdFF_2:\reg_n_bits:3:b| ; 1 (1)             ; 1 (1)        ; 0           ; 0            ; 0       ; 0         ; 0    ; 0            ; |fsmTopLevel|nBitTimer:mstTimer|nBitIncrementer:incrementer|nBitRegister:reg|enARdFF_2:\reg_n_bits:3:b ; work         ;
;    |nBitTimer:sscTimer|                 ; 7 (0)             ; 4 (0)        ; 0           ; 0            ; 0       ; 0         ; 0    ; 0            ; |fsmTopLevel|nBitTimer:sscTimer                                                                        ; work         ;
;       |nBitIncrementer:incrementer|     ; 5 (0)             ; 4 (0)        ; 0           ; 0            ; 0       ; 0         ; 0    ; 0            ; |fsmTopLevel|nBitTimer:sscTimer|nBitIncrementer:incrementer                                            ; work         ;
;          |nBitRegister:reg|             ; 5 (0)             ; 4 (0)        ; 0           ; 0            ; 0       ; 0         ; 0    ; 0            ; |fsmTopLevel|nBitTimer:sscTimer|nBitIncrementer:incrementer|nBitRegister:reg                           ; work         ;
;             |enARdFF_2:\reg_n_bits:0:b| ; 1 (1)             ; 1 (1)        ; 0           ; 0            ; 0       ; 0         ; 0    ; 0            ; |fsmTopLevel|nBitTimer:sscTimer|nBitIncrementer:incrementer|nBitRegister:reg|enARdFF_2:\reg_n_bits:0:b ; work         ;
;             |enARdFF_2:\reg_n_bits:1:b| ; 1 (1)             ; 1 (1)        ; 0           ; 0            ; 0       ; 0         ; 0    ; 0            ; |fsmTopLevel|nBitTimer:sscTimer|nBitIncrementer:incrementer|nBitRegister:reg|enARdFF_2:\reg_n_bits:1:b ; work         ;
;             |enARdFF_2:\reg_n_bits:2:b| ; 2 (2)             ; 1 (1)        ; 0           ; 0            ; 0       ; 0         ; 0    ; 0            ; |fsmTopLevel|nBitTimer:sscTimer|nBitIncrementer:incrementer|nBitRegister:reg|enARdFF_2:\reg_n_bits:2:b ; work         ;
;             |enARdFF_2:\reg_n_bits:3:b| ; 1 (1)             ; 1 (1)        ; 0           ; 0            ; 0       ; 0         ; 0    ; 0            ; |fsmTopLevel|nBitTimer:sscTimer|nBitIncrementer:incrementer|nBitRegister:reg|enARdFF_2:\reg_n_bits:3:b ; work         ;
;       |nbitcomparator:comparator|       ; 2 (2)             ; 0 (0)        ; 0           ; 0            ; 0       ; 0         ; 0    ; 0            ; |fsmTopLevel|nBitTimer:sscTimer|nbitcomparator:comparator                                              ; work         ;
+-----------------------------------------+-------------------+--------------+-------------+--------------+---------+-----------+------+--------------+--------------------------------------------------------------------------------------------------------+--------------+
Note: For table entries with two numbers listed, the numbers in parentheses indicate the number of resources of the given type used by the specific entity alone. The numbers listed outside of parentheses indicate the total resources of the given type used by the specific entity and all of its sub-entities in the hierarchy.


+---------------------------------------------------------------------------------------------------------------------------------------------------------------------------------------------------------------+
; Registers Removed During Synthesis                                                                                                                                                                            ;
+-------------------------------------------------------------------------------------------------+-------------------------------------------------------------------------------------------------------------+
; Register name                                                                                   ; Reason for Removal                                                                                          ;
+-------------------------------------------------------------------------------------------------+-------------------------------------------------------------------------------------------------------------+
; nBitTimer:sstTimer|nBitIncrementer:incrementer|nBitRegister:reg|enARdFF_2:\reg_n_bits:3:b|int_q ; Merged with nBitTimer:mstTimer|nBitIncrementer:incrementer|nBitRegister:reg|enARdFF_2:\reg_n_bits:3:b|int_q ;
; nBitTimer:sstTimer|nBitIncrementer:incrementer|nBitRegister:reg|enARdFF_2:\reg_n_bits:2:b|int_q ; Merged with nBitTimer:mstTimer|nBitIncrementer:incrementer|nBitRegister:reg|enARdFF_2:\reg_n_bits:2:b|int_q ;
; nBitTimer:sstTimer|nBitIncrementer:incrementer|nBitRegister:reg|enARdFF_2:\reg_n_bits:1:b|int_q ; Merged with nBitTimer:mstTimer|nBitIncrementer:incrementer|nBitRegister:reg|enARdFF_2:\reg_n_bits:1:b|int_q ;
; nBitTimer:sstTimer|nBitIncrementer:incrementer|nBitRegister:reg|enARdFF_2:\reg_n_bits:0:b|int_q ; Merged with nBitTimer:mstTimer|nBitIncrementer:incrementer|nBitRegister:reg|enARdFF_2:\reg_n_bits:0:b|int_q ;
; Total Number of Removed Registers = 4                                                           ;                                                                                                             ;
+-------------------------------------------------------------------------------------------------+-------------------------------------------------------------------------------------------------------------+


+------------------------------------------------------+
; General Register Statistics                          ;
+----------------------------------------------+-------+
; Statistic                                    ; Value ;
+----------------------------------------------+-------+
; Total registers                              ; 17    ;
; Number of registers using Synchronous Clear  ; 0     ;
; Number of registers using Synchronous Load   ; 0     ;
; Number of registers using Asynchronous Clear ; 17    ;
; Number of registers using Asynchronous Load  ; 0     ;
; Number of registers using Clock Enable       ; 0     ;
; Number of registers using Preset             ; 0     ;
+----------------------------------------------+-------+


+----------------------------------------------------------------------------------------------+
; Parameter Settings for User Entity Instance: fsmController:fsmController1|nbitmux41:mstl_mux ;
+----------------+-------+---------------------------------------------------------------------+
; Parameter Name ; Value ; Type                                                                ;
+----------------+-------+---------------------------------------------------------------------+
; n              ; 3     ; Signed Integer                                                      ;
+----------------+-------+---------------------------------------------------------------------+
Note: In order to hide this table in the UI and the text report file, please set the "Show Parameter Settings in Synthesis Report" option in "Analysis and Synthesis Settings -> More Settings" to "Off".


+----------------------------------------------------------------------------------------------+
; Parameter Settings for User Entity Instance: fsmController:fsmController1|nbitmux41:sstl_mux ;
+----------------+-------+---------------------------------------------------------------------+
; Parameter Name ; Value ; Type                                                                ;
+----------------+-------+---------------------------------------------------------------------+
; n              ; 3     ; Signed Integer                                                      ;
+----------------+-------+---------------------------------------------------------------------+
Note: In order to hide this table in the UI and the text report file, please set the "Show Parameter Settings in Synthesis Report" option in "Analysis and Synthesis Settings -> More Settings" to "Off".


+-----------------------------------------------------------------+
; Parameter Settings for User Entity Instance: nBitTimer:mstTimer ;
+----------------+-------+----------------------------------------+
; Parameter Name ; Value ; Type                                   ;
+----------------+-------+----------------------------------------+
; n              ; 4     ; Signed Integer                         ;
+----------------+-------+----------------------------------------+
Note: In order to hide this table in the UI and the text report file, please set the "Show Parameter Settings in Synthesis Report" option in "Analysis and Synthesis Settings -> More Settings" to "Off".


+---------------------------------------------------------------------------------------------+
; Parameter Settings for User Entity Instance: nBitTimer:mstTimer|nBitIncrementer:incrementer ;
+----------------+-------+--------------------------------------------------------------------+
; Parameter Name ; Value ; Type                                                               ;
+----------------+-------+--------------------------------------------------------------------+
; n              ; 4     ; Signed Integer                                                     ;
+----------------+-------+--------------------------------------------------------------------+
Note: In order to hide this table in the UI and the text report file, please set the "Show Parameter Settings in Synthesis Report" option in "Analysis and Synthesis Settings -> More Settings" to "Off".


+-----------------------------------------------------------------------------------------------------------------------+
; Parameter Settings for User Entity Instance: nBitTimer:mstTimer|nBitIncrementer:incrementer|nBitAdderSubtractor:adder ;
+----------------+-------+----------------------------------------------------------------------------------------------+
; Parameter Name ; Value ; Type                                                                                         ;
+----------------+-------+----------------------------------------------------------------------------------------------+
; n              ; 4     ; Signed Integer                                                                               ;
+----------------+-------+----------------------------------------------------------------------------------------------+
Note: In order to hide this table in the UI and the text report file, please set the "Show Parameter Settings in Synthesis Report" option in "Analysis and Synthesis Settings -> More Settings" to "Off".


+--------------------------------------------------------------------------------------------------------------+
; Parameter Settings for User Entity Instance: nBitTimer:mstTimer|nBitIncrementer:incrementer|nBitRegister:reg ;
+----------------+-------+-------------------------------------------------------------------------------------+
; Parameter Name ; Value ; Type                                                                                ;
+----------------+-------+-------------------------------------------------------------------------------------+
; n              ; 4     ; Signed Integer                                                                      ;
+----------------+-------+-------------------------------------------------------------------------------------+
Note: In order to hide this table in the UI and the text report file, please set the "Show Parameter Settings in Synthesis Report" option in "Analysis and Synthesis Settings -> More Settings" to "Off".


+-------------------------------------------------------------------------------------------+
; Parameter Settings for User Entity Instance: nBitTimer:mstTimer|nbitcomparator:comparator ;
+----------------+-------+------------------------------------------------------------------+
; Parameter Name ; Value ; Type                                                             ;
+----------------+-------+------------------------------------------------------------------+
; n              ; 4     ; Signed Integer                                                   ;
+----------------+-------+------------------------------------------------------------------+
Note: In order to hide this table in the UI and the text report file, please set the "Show Parameter Settings in Synthesis Report" option in "Analysis and Synthesis Settings -> More Settings" to "Off".


+-----------------------------------------------------------------+
; Parameter Settings for User Entity Instance: nBitTimer:sstTimer ;
+----------------+-------+----------------------------------------+
; Parameter Name ; Value ; Type                                   ;
+----------------+-------+----------------------------------------+
; n              ; 4     ; Signed Integer                         ;
+----------------+-------+----------------------------------------+
Note: In order to hide this table in the UI and the text report file, please set the "Show Parameter Settings in Synthesis Report" option in "Analysis and Synthesis Settings -> More Settings" to "Off".


+---------------------------------------------------------------------------------------------+
; Parameter Settings for User Entity Instance: nBitTimer:sstTimer|nBitIncrementer:incrementer ;
+----------------+-------+--------------------------------------------------------------------+
; Parameter Name ; Value ; Type                                                               ;
+----------------+-------+--------------------------------------------------------------------+
; n              ; 4     ; Signed Integer                                                     ;
+----------------+-------+--------------------------------------------------------------------+
Note: In order to hide this table in the UI and the text report file, please set the "Show Parameter Settings in Synthesis Report" option in "Analysis and Synthesis Settings -> More Settings" to "Off".


+-----------------------------------------------------------------------------------------------------------------------+
; Parameter Settings for User Entity Instance: nBitTimer:sstTimer|nBitIncrementer:incrementer|nBitAdderSubtractor:adder ;
+----------------+-------+----------------------------------------------------------------------------------------------+
; Parameter Name ; Value ; Type                                                                                         ;
+----------------+-------+----------------------------------------------------------------------------------------------+
; n              ; 4     ; Signed Integer                                                                               ;
+----------------+-------+----------------------------------------------------------------------------------------------+
Note: In order to hide this table in the UI and the text report file, please set the "Show Parameter Settings in Synthesis Report" option in "Analysis and Synthesis Settings -> More Settings" to "Off".


+--------------------------------------------------------------------------------------------------------------+
; Parameter Settings for User Entity Instance: nBitTimer:sstTimer|nBitIncrementer:incrementer|nBitRegister:reg ;
+----------------+-------+-------------------------------------------------------------------------------------+
; Parameter Name ; Value ; Type                                                                                ;
+----------------+-------+-------------------------------------------------------------------------------------+
; n              ; 4     ; Signed Integer                                                                      ;
+----------------+-------+-------------------------------------------------------------------------------------+
Note: In order to hide this table in the UI and the text report file, please set the "Show Parameter Settings in Synthesis Report" option in "Analysis and Synthesis Settings -> More Settings" to "Off".


+-------------------------------------------------------------------------------------------+
; Parameter Settings for User Entity Instance: nBitTimer:sstTimer|nbitcomparator:comparator ;
+----------------+-------+------------------------------------------------------------------+
; Parameter Name ; Value ; Type                                                             ;
+----------------+-------+------------------------------------------------------------------+
; n              ; 4     ; Signed Integer                                                   ;
+----------------+-------+------------------------------------------------------------------+
Note: In order to hide this table in the UI and the text report file, please set the "Show Parameter Settings in Synthesis Report" option in "Analysis and Synthesis Settings -> More Settings" to "Off".


+-----------------------------------------------------------------+
; Parameter Settings for User Entity Instance: nBitTimer:mscTimer ;
+----------------+-------+----------------------------------------+
; Parameter Name ; Value ; Type                                   ;
+----------------+-------+----------------------------------------+
; n              ; 4     ; Signed Integer                         ;
+----------------+-------+----------------------------------------+
Note: In order to hide this table in the UI and the text report file, please set the "Show Parameter Settings in Synthesis Report" option in "Analysis and Synthesis Settings -> More Settings" to "Off".


+---------------------------------------------------------------------------------------------+
; Parameter Settings for User Entity Instance: nBitTimer:mscTimer|nBitIncrementer:incrementer ;
+----------------+-------+--------------------------------------------------------------------+
; Parameter Name ; Value ; Type                                                               ;
+----------------+-------+--------------------------------------------------------------------+
; n              ; 4     ; Signed Integer                                                     ;
+----------------+-------+--------------------------------------------------------------------+
Note: In order to hide this table in the UI and the text report file, please set the "Show Parameter Settings in Synthesis Report" option in "Analysis and Synthesis Settings -> More Settings" to "Off".


+-----------------------------------------------------------------------------------------------------------------------+
; Parameter Settings for User Entity Instance: nBitTimer:mscTimer|nBitIncrementer:incrementer|nBitAdderSubtractor:adder ;
+----------------+-------+----------------------------------------------------------------------------------------------+
; Parameter Name ; Value ; Type                                                                                         ;
+----------------+-------+----------------------------------------------------------------------------------------------+
; n              ; 4     ; Signed Integer                                                                               ;
+----------------+-------+----------------------------------------------------------------------------------------------+
Note: In order to hide this table in the UI and the text report file, please set the "Show Parameter Settings in Synthesis Report" option in "Analysis and Synthesis Settings -> More Settings" to "Off".


+--------------------------------------------------------------------------------------------------------------+
; Parameter Settings for User Entity Instance: nBitTimer:mscTimer|nBitIncrementer:incrementer|nBitRegister:reg ;
+----------------+-------+-------------------------------------------------------------------------------------+
; Parameter Name ; Value ; Type                                                                                ;
+----------------+-------+-------------------------------------------------------------------------------------+
; n              ; 4     ; Signed Integer                                                                      ;
+----------------+-------+-------------------------------------------------------------------------------------+
Note: In order to hide this table in the UI and the text report file, please set the "Show Parameter Settings in Synthesis Report" option in "Analysis and Synthesis Settings -> More Settings" to "Off".


+-------------------------------------------------------------------------------------------+
; Parameter Settings for User Entity Instance: nBitTimer:mscTimer|nbitcomparator:comparator ;
+----------------+-------+------------------------------------------------------------------+
; Parameter Name ; Value ; Type                                                             ;
+----------------+-------+------------------------------------------------------------------+
; n              ; 4     ; Signed Integer                                                   ;
+----------------+-------+------------------------------------------------------------------+
Note: In order to hide this table in the UI and the text report file, please set the "Show Parameter Settings in Synthesis Report" option in "Analysis and Synthesis Settings -> More Settings" to "Off".


+-----------------------------------------------------------------+
; Parameter Settings for User Entity Instance: nBitTimer:sscTimer ;
+----------------+-------+----------------------------------------+
; Parameter Name ; Value ; Type                                   ;
+----------------+-------+----------------------------------------+
; n              ; 4     ; Signed Integer                         ;
+----------------+-------+----------------------------------------+
Note: In order to hide this table in the UI and the text report file, please set the "Show Parameter Settings in Synthesis Report" option in "Analysis and Synthesis Settings -> More Settings" to "Off".


+---------------------------------------------------------------------------------------------+
; Parameter Settings for User Entity Instance: nBitTimer:sscTimer|nBitIncrementer:incrementer ;
+----------------+-------+--------------------------------------------------------------------+
; Parameter Name ; Value ; Type                                                               ;
+----------------+-------+--------------------------------------------------------------------+
; n              ; 4     ; Signed Integer                                                     ;
+----------------+-------+--------------------------------------------------------------------+
Note: In order to hide this table in the UI and the text report file, please set the "Show Parameter Settings in Synthesis Report" option in "Analysis and Synthesis Settings -> More Settings" to "Off".


+-----------------------------------------------------------------------------------------------------------------------+
; Parameter Settings for User Entity Instance: nBitTimer:sscTimer|nBitIncrementer:incrementer|nBitAdderSubtractor:adder ;
+----------------+-------+----------------------------------------------------------------------------------------------+
; Parameter Name ; Value ; Type                                                                                         ;
+----------------+-------+----------------------------------------------------------------------------------------------+
; n              ; 4     ; Signed Integer                                                                               ;
+----------------+-------+----------------------------------------------------------------------------------------------+
Note: In order to hide this table in the UI and the text report file, please set the "Show Parameter Settings in Synthesis Report" option in "Analysis and Synthesis Settings -> More Settings" to "Off".


+--------------------------------------------------------------------------------------------------------------+
; Parameter Settings for User Entity Instance: nBitTimer:sscTimer|nBitIncrementer:incrementer|nBitRegister:reg ;
+----------------+-------+-------------------------------------------------------------------------------------+
; Parameter Name ; Value ; Type                                                                                ;
+----------------+-------+-------------------------------------------------------------------------------------+
; n              ; 4     ; Signed Integer                                                                      ;
+----------------+-------+-------------------------------------------------------------------------------------+
Note: In order to hide this table in the UI and the text report file, please set the "Show Parameter Settings in Synthesis Report" option in "Analysis and Synthesis Settings -> More Settings" to "Off".


+-------------------------------------------------------------------------------------------+
; Parameter Settings for User Entity Instance: nBitTimer:sscTimer|nbitcomparator:comparator ;
+----------------+-------+------------------------------------------------------------------+
; Parameter Name ; Value ; Type                                                             ;
+----------------+-------+------------------------------------------------------------------+
; n              ; 4     ; Signed Integer                                                   ;
+----------------+-------+------------------------------------------------------------------+
Note: In order to hide this table in the UI and the text report file, please set the "Show Parameter Settings in Synthesis Report" option in "Analysis and Synthesis Settings -> More Settings" to "Off".


+------------------------------------------------------------------------+
; Port Connectivity Checks: "debouncer_2:sscsDebouncer|enARdFF_2:second" ;
+----------+-------+----------+------------------------------------------+
; Port     ; Type  ; Severity ; Details                                  ;
+----------+-------+----------+------------------------------------------+
; i_enable ; Input ; Info     ; Stuck at VCC                             ;
+----------+-------+----------+------------------------------------------+


+--------------------------------------------------------------------------------------------------------------------+
; Port Connectivity Checks: "debouncer_2:sscsDebouncer|enARdFF_2:first"                                              ;
+----------+--------+----------+-------------------------------------------------------------------------------------+
; Port     ; Type   ; Severity ; Details                                                                             ;
+----------+--------+----------+-------------------------------------------------------------------------------------+
; i_enable ; Input  ; Info     ; Stuck at VCC                                                                        ;
; o_q      ; Output ; Info     ; Connected to dangling logic. Logic that only feeds a dangling port will be removed. ;
+----------+--------+----------+-------------------------------------------------------------------------------------+


+------------------------------------------------------------------------------------------------------------------------+
; Port Connectivity Checks: "clk_div:clk_div1"                                                                           ;
+--------------+--------+----------+-------------------------------------------------------------------------------------+
; Port         ; Type   ; Severity ; Details                                                                             ;
+--------------+--------+----------+-------------------------------------------------------------------------------------+
; clock_1mhz   ; Output ; Info     ; Connected to dangling logic. Logic that only feeds a dangling port will be removed. ;
; clock_100khz ; Output ; Info     ; Connected to dangling logic. Logic that only feeds a dangling port will be removed. ;
; clock_10khz  ; Output ; Info     ; Connected to dangling logic. Logic that only feeds a dangling port will be removed. ;
; clock_1khz   ; Output ; Info     ; Connected to dangling logic. Logic that only feeds a dangling port will be removed. ;
; clock_100hz  ; Output ; Info     ; Connected to dangling logic. Logic that only feeds a dangling port will be removed. ;
; clock_10hz   ; Output ; Info     ; Connected to dangling logic. Logic that only feeds a dangling port will be removed. ;
; clock_1hz    ; Output ; Info     ; Connected to dangling logic. Logic that only feeds a dangling port will be removed. ;
+--------------+--------+----------+-------------------------------------------------------------------------------------+


+-------------------------------------------------------------------------------------------------------------------------------+
; Port Connectivity Checks: "nBitTimer:sstTimer"                                                                                ;
+---------------------+--------+----------+-------------------------------------------------------------------------------------+
; Port                ; Type   ; Severity ; Details                                                                             ;
+---------------------+--------+----------+-------------------------------------------------------------------------------------+
; i_targetcount[3..2] ; Input  ; Info     ; Stuck at GND                                                                        ;
; i_targetcount[1]    ; Input  ; Info     ; Stuck at VCC                                                                        ;
; i_targetcount[0]    ; Input  ; Info     ; Stuck at GND                                                                        ;
; o_count             ; Output ; Info     ; Connected to dangling logic. Logic that only feeds a dangling port will be removed. ;
+---------------------+--------+----------+-------------------------------------------------------------------------------------+


+---------------------------------------------------------------------------------------------------------+
; Port Connectivity Checks: "nBitTimer:mstTimer|nbitcomparator:comparator|oneBitComparator:comparatorMSB" ;
+--------------+-------+----------+-----------------------------------------------------------------------+
; Port         ; Type  ; Severity ; Details                                                               ;
+--------------+-------+----------+-----------------------------------------------------------------------+
; i_gtprevious ; Input ; Info     ; Stuck at GND                                                          ;
; i_ltprevious ; Input ; Info     ; Stuck at GND                                                          ;
+--------------+-------+----------+-----------------------------------------------------------------------+


+------------------------------------------------------------------------------------------------------------------+
; Port Connectivity Checks: "nBitTimer:mstTimer|nbitcomparator:comparator"                                         ;
+--------+--------+----------+-------------------------------------------------------------------------------------+
; Port   ; Type   ; Severity ; Details                                                                             ;
+--------+--------+----------+-------------------------------------------------------------------------------------+
; o_agtb ; Output ; Info     ; Connected to dangling logic. Logic that only feeds a dangling port will be removed. ;
; o_altb ; Output ; Info     ; Connected to dangling logic. Logic that only feeds a dangling port will be removed. ;
+--------+--------+----------+-------------------------------------------------------------------------------------+


+-----------------------------------------------------------------------------------------------------------------------+
; Port Connectivity Checks: "nBitTimer:mstTimer|nBitIncrementer:incrementer|nBitRegister:reg|enARdFF_2:\reg_n_bits:3:b" ;
+--------+--------+----------+------------------------------------------------------------------------------------------+
; Port   ; Type   ; Severity ; Details                                                                                  ;
+--------+--------+----------+------------------------------------------------------------------------------------------+
; o_qbar ; Output ; Info     ; Connected to dangling logic. Logic that only feeds a dangling port will be removed.      ;
+--------+--------+----------+------------------------------------------------------------------------------------------+


+-----------------------------------------------------------------------------------------------------------------------+
; Port Connectivity Checks: "nBitTimer:mstTimer|nBitIncrementer:incrementer|nBitRegister:reg|enARdFF_2:\reg_n_bits:2:b" ;
+--------+--------+----------+------------------------------------------------------------------------------------------+
; Port   ; Type   ; Severity ; Details                                                                                  ;
+--------+--------+----------+------------------------------------------------------------------------------------------+
; o_qbar ; Output ; Info     ; Connected to dangling logic. Logic that only feeds a dangling port will be removed.      ;
+--------+--------+----------+------------------------------------------------------------------------------------------+


+-----------------------------------------------------------------------------------------------------------------------+
; Port Connectivity Checks: "nBitTimer:mstTimer|nBitIncrementer:incrementer|nBitRegister:reg|enARdFF_2:\reg_n_bits:1:b" ;
+--------+--------+----------+------------------------------------------------------------------------------------------+
; Port   ; Type   ; Severity ; Details                                                                                  ;
+--------+--------+----------+------------------------------------------------------------------------------------------+
; o_qbar ; Output ; Info     ; Connected to dangling logic. Logic that only feeds a dangling port will be removed.      ;
+--------+--------+----------+------------------------------------------------------------------------------------------+


+-----------------------------------------------------------------------------------------------------------------------+
; Port Connectivity Checks: "nBitTimer:mstTimer|nBitIncrementer:incrementer|nBitRegister:reg|enARdFF_2:\reg_n_bits:0:b" ;
+--------+--------+----------+------------------------------------------------------------------------------------------+
; Port   ; Type   ; Severity ; Details                                                                                  ;
+--------+--------+----------+------------------------------------------------------------------------------------------+
; o_qbar ; Output ; Info     ; Connected to dangling logic. Logic that only feeds a dangling port will be removed.      ;
+--------+--------+----------+------------------------------------------------------------------------------------------+


+-------------------------------------------------------------------------------------------------------------------------+
; Port Connectivity Checks: "nBitTimer:mstTimer|nBitIncrementer:incrementer|nBitAdderSubtractor:adder"                    ;
+---------------+--------+----------+-------------------------------------------------------------------------------------+
; Port          ; Type   ; Severity ; Details                                                                             ;
+---------------+--------+----------+-------------------------------------------------------------------------------------+
; i_bi[3..1]    ; Input  ; Info     ; Stuck at GND                                                                        ;
; i_bi[0]       ; Input  ; Info     ; Stuck at VCC                                                                        ;
; operationflag ; Input  ; Info     ; Stuck at GND                                                                        ;
; o_carryout    ; Output ; Info     ; Connected to dangling logic. Logic that only feeds a dangling port will be removed. ;
+---------------+--------+----------+-------------------------------------------------------------------------------------+


+-------------------------------------------------------------------------------------------------------------------------------+
; Port Connectivity Checks: "nBitTimer:mstTimer"                                                                                ;
+---------------------+--------+----------+-------------------------------------------------------------------------------------+
; Port                ; Type   ; Severity ; Details                                                                             ;
+---------------------+--------+----------+-------------------------------------------------------------------------------------+
; i_targetcount[3..2] ; Input  ; Info     ; Stuck at GND                                                                        ;
; i_targetcount[1]    ; Input  ; Info     ; Stuck at VCC                                                                        ;
; i_targetcount[0]    ; Input  ; Info     ; Stuck at GND                                                                        ;
; o_count             ; Output ; Info     ; Connected to dangling logic. Logic that only feeds a dangling port will be removed. ;
+---------------------+--------+----------+-------------------------------------------------------------------------------------+


+-----------------------------------------------------------------------------+
; Port Connectivity Checks: "fsmController:fsmController1|nbitmux41:sstl_mux" ;
+----------+-------+----------+-----------------------------------------------+
; Port     ; Type  ; Severity ; Details                                       ;
+----------+-------+----------+-----------------------------------------------+
; x0[2..1] ; Input ; Info     ; Stuck at GND                                  ;
; x0[0]    ; Input ; Info     ; Stuck at VCC                                  ;
; x1[2..1] ; Input ; Info     ; Stuck at GND                                  ;
; x1[0]    ; Input ; Info     ; Stuck at VCC                                  ;
; x2[1..0] ; Input ; Info     ; Stuck at GND                                  ;
; x2[2]    ; Input ; Info     ; Stuck at VCC                                  ;
; x3[2]    ; Input ; Info     ; Stuck at GND                                  ;
; x3[1]    ; Input ; Info     ; Stuck at VCC                                  ;
; x3[0]    ; Input ; Info     ; Stuck at GND                                  ;
+----------+-------+----------+-----------------------------------------------+


+-----------------------------------------------------------------------------+
; Port Connectivity Checks: "fsmController:fsmController1|nbitmux41:mstl_mux" ;
+----------+-------+----------+-----------------------------------------------+
; Port     ; Type  ; Severity ; Details                                       ;
+----------+-------+----------+-----------------------------------------------+
; x0[1..0] ; Input ; Info     ; Stuck at GND                                  ;
; x0[2]    ; Input ; Info     ; Stuck at VCC                                  ;
; x1[2]    ; Input ; Info     ; Stuck at GND                                  ;
; x1[1]    ; Input ; Info     ; Stuck at VCC                                  ;
; x1[0]    ; Input ; Info     ; Stuck at GND                                  ;
; x2[2..1] ; Input ; Info     ; Stuck at GND                                  ;
; x2[0]    ; Input ; Info     ; Stuck at VCC                                  ;
; x3[2..1] ; Input ; Info     ; Stuck at GND                                  ;
; x3[0]    ; Input ; Info     ; Stuck at VCC                                  ;
+----------+-------+----------+-----------------------------------------------+


+--------------------------------------------------------------------------------------------------------------------+
; Port Connectivity Checks: "fsmController:fsmController1|enARdFF_2:reset_latch"                                     ;
+----------+--------+----------+-------------------------------------------------------------------------------------+
; Port     ; Type   ; Severity ; Details                                                                             ;
+----------+--------+----------+-------------------------------------------------------------------------------------+
; i_enable ; Input  ; Info     ; Stuck at VCC                                                                        ;
; o_qbar   ; Output ; Info     ; Connected to dangling logic. Logic that only feeds a dangling port will be removed. ;
+----------+--------+----------+-------------------------------------------------------------------------------------+


+-------------------------------------------------------------------------------+
; Port Connectivity Checks: "fsmController:fsmController1|enARdFF_2:enardFF_y1" ;
+----------+-------+----------+-------------------------------------------------+
; Port     ; Type  ; Severity ; Details                                         ;
+----------+-------+----------+-------------------------------------------------+
; i_enable ; Input ; Info     ; Stuck at VCC                                    ;
+----------+-------+----------+-------------------------------------------------+


+-------------------------------------------------------------------------------+
; Port Connectivity Checks: "fsmController:fsmController1|enARdFF_2:enardFF_y0" ;
+----------+-------+----------+-------------------------------------------------+
; Port     ; Type  ; Severity ; Details                                         ;
+----------+-------+----------+-------------------------------------------------+
; i_enable ; Input ; Info     ; Stuck at VCC                                    ;
+----------+-------+----------+-------------------------------------------------+


+-------------------------------+
; Elapsed Time Per Partition    ;
+----------------+--------------+
; Partition Name ; Elapsed Time ;
+----------------+--------------+
; Top            ; 00:00:00     ;
+----------------+--------------+


+-------------------------------+
; Analysis & Synthesis Messages ;
+-------------------------------+
Info: *******************************************************************
Info: Running Quartus II 64-Bit Analysis & Synthesis
    Info: Version 13.0.1 Build 232 06/12/2013 Service Pack 1 SJ Web Edition
    Info: Processing started: Wed Nov 06 10:10:25 2024
Info: Command: quartus_map --read_settings_files=on --write_settings_files=off CEG3155-Lab-3 -c CEG3155-Lab-3
Warning (20028): Parallel compilation is not licensed and has been disabled
Info (12021): Found 2 design units, including 1 entities, in source file fsmtoplevel.vhd
    Info (12022): Found design unit 1: fsmTopLevel-rtl
    Info (12023): Found entity 1: fsmTopLevel
Info (12021): Found 2 design units, including 1 entities, in source file fsmcontroller.vhd
    Info (12022): Found design unit 1: fsmController-structural
    Info (12023): Found entity 1: fsmController
Info (12021): Found 2 design units, including 1 entities, in source file nbittimer.vhd
    Info (12022): Found design unit 1: nBitTimer-rtl
    Info (12023): Found entity 1: nBitTimer
Info (12021): Found 2 design units, including 1 entities, in source file nbitcomparator.vhd
    Info (12022): Found design unit 1: nbitcomparator-rtl
    Info (12023): Found entity 1: nbitcomparator
Info (12021): Found 2 design units, including 1 entities, in source file onebitcomparator.vhd
    Info (12022): Found design unit 1: oneBitComparator-rtl
    Info (12023): Found entity 1: oneBitComparator
Info (12021): Found 2 design units, including 1 entities, in source file debouncer_2.vhd
    Info (12022): Found design unit 1: debouncer_2-rtl
    Info (12023): Found entity 1: debouncer_2
Info (12021): Found 2 design units, including 1 entities, in source file clk_div.vhd
    Info (12022): Found design unit 1: clk_div-a
    Info (12023): Found entity 1: clk_div
Info (12021): Found 2 design units, including 1 entities, in source file onebitaddersubtractor.vhd
    Info (12022): Found design unit 1: oneBitAdderSubtractor-rtl
    Info (12023): Found entity 1: oneBitAdderSubtractor
Info (12021): Found 2 design units, including 1 entities, in source file nbitaddersubtractor.vhd
    Info (12022): Found design unit 1: nBitAdderSubtractor-rtl
    Info (12023): Found entity 1: nBitAdderSubtractor
Info (12021): Found 2 design units, including 1 entities, in source file nbitregister.vhd
    Info (12022): Found design unit 1: nBitRegister-rtl
    Info (12023): Found entity 1: nBitRegister
Info (12021): Found 2 design units, including 1 entities, in source file nbitmux41.vhd
    Info (12022): Found design unit 1: nbitmux41-structural
    Info (12023): Found entity 1: nbitmux41
Info (12021): Found 2 design units, including 1 entities, in source file nbitincrementer.vhd
    Info (12022): Found design unit 1: nBitIncrementer-rtl
    Info (12023): Found entity 1: nBitIncrementer
Warning (12090): Entity "mux41" obtained from "mux41.vhd" instead of from Quartus II megafunction library
Info (12021): Found 2 design units, including 1 entities, in source file mux41.vhd
    Info (12022): Found design unit 1: mux41-structural
    Info (12023): Found entity 1: mux41
Info (12021): Found 2 design units, including 1 entities, in source file mux21.vhd
    Info (12022): Found design unit 1: mux21-structural
    Info (12023): Found entity 1: mux21
Info (12021): Found 2 design units, including 1 entities, in source file enardff_2.vhd
    Info (12022): Found design unit 1: enARdFF_2-rtl
    Info (12023): Found entity 1: enARdFF_2
Info (12021): Found 2 design units, including 1 entities, in source file bcd_7seg.vhd
    Info (12022): Found design unit 1: dec_7seg-rtl
    Info (12023): Found entity 1: dec_7seg
Info (12127): Elaborating entity "fsmTopLevel" for the top level hierarchy
Warning (10036): Verilog HDL or VHDL warning at fsmTopLevel.vhd(16): object "clk_1hz" assigned a value but never read
Info (12128): Elaborating entity "fsmController" for hierarchy "fsmController:fsmController1"
Info (12128): Elaborating entity "enARdFF_2" for hierarchy "fsmController:fsmController1|enARdFF_2:enardFF_y0"
Info (12128): Elaborating entity "nbitmux41" for hierarchy "fsmController:fsmController1|nbitmux41:mstl_mux"
Info (12128): Elaborating entity "mux41" for hierarchy "fsmController:fsmController1|nbitmux41:mstl_mux|mux41:\muxloop:0:mux_n"
Info (12128): Elaborating entity "mux21" for hierarchy "fsmController:fsmController1|nbitmux41:mstl_mux|mux41:\muxloop:0:mux_n|mux21:mux1"
Info (12128): Elaborating entity "nBitTimer" for hierarchy "nBitTimer:mstTimer"
Info (12128): Elaborating entity "nBitIncrementer" for hierarchy "nBitTimer:mstTimer|nBitIncrementer:incrementer"
Info (12128): Elaborating entity "nBitAdderSubtractor" for hierarchy "nBitTimer:mstTimer|nBitIncrementer:incrementer|nBitAdderSubtractor:adder"
Info (12128): Elaborating entity "oneBitAdderSubtractor" for hierarchy "nBitTimer:mstTimer|nBitIncrementer:incrementer|nBitAdderSubtractor:adder|oneBitAdderSubtractor:add_0"
Info (12128): Elaborating entity "nBitRegister" for hierarchy "nBitTimer:mstTimer|nBitIncrementer:incrementer|nBitRegister:reg"
Warning (10036): Verilog HDL or VHDL warning at nbitregister.vhd(14): object "int_notValue" assigned a value but never read
Info (12128): Elaborating entity "nbitcomparator" for hierarchy "nBitTimer:mstTimer|nbitcomparator:comparator"
Info (12128): Elaborating entity "oneBitComparator" for hierarchy "nBitTimer:mstTimer|nbitcomparator:comparator|oneBitComparator:comparatorMSB"
Info (12128): Elaborating entity "clk_div" for hierarchy "clk_div:clk_div1"
Info (12128): Elaborating entity "debouncer_2" for hierarchy "debouncer_2:sscsDebouncer"
Warning (10036): Verilog HDL or VHDL warning at debouncer_2.vhd(38): object "int_q1Output" assigned a value but never read
Info (12128): Elaborating entity "dec_7seg" for hierarchy "dec_7seg:mscBcd"
Info (286030): Timing-Driven Synthesis is running
Info (16010): Generating hard_block partition "hard_block:auto_generated_inst"
    Info (16011): Adding 0 node(s), including 0 DDIO, 0 PLL, 0 transceiver and 0 LCELL
Info (21057): Implemented 79 device resources after synthesis - the final resource count might be different
    Info (21058): Implemented 11 input pins
    Info (21059): Implemented 20 output pins
    Info (21061): Implemented 48 logic cells
Info: Quartus II 64-Bit Analysis & Synthesis was successful. 0 errors, 5 warnings
    Info: Peak virtual memory: 4635 megabytes
    Info: Processing ended: Wed Nov 06 10:10:27 2024
    Info: Elapsed time: 00:00:02
    Info: Total CPU time (on all processors): 00:00:02


